occupancy,business_interruption,contents,nonstructural,occupants,structural
Res,1.90168E+03,1.33774E+04,1.94504E+04,3.80335E-02,2.61201E+03
Com,3.97183E+01,2.01389E+02,3.02084E+02,7.94365E-04,0.00000E+00
