======================== =======
Total number of ruptures 3      
Total number of events   32     
Rupture multiplicity     10     
Events by rlz            8 8 8 8
======================== =======