#,,,,,,"generated_by='OpenQuake engine 3.8.0-gite8943a4915', start_date='2019-10-25T10:11:43', checksum=3516643643, kind='rlz-000', investigation_time=1.0, imt='PGA'"
lon,lat,depth,poe-0.0100000,poe-0.1000000,poe-0.3000000,poe-1.0000000
-64.91005,0.00000,0.00000,2.417042E-02,1.017692E-02,5.133655E-03,9.078329E-05
