#,,,,,,"generated_by='OpenQuake engine 3.8.0-gite8943a4915', start_date='2019-10-25T10:11:43', checksum=3516643643, kind='rlz-003', investigation_time=1.0, imt='PGA'"
lon,lat,depth,poe-0.0100000,poe-0.1000000,poe-0.3000000,poe-1.0000000
-64.91005,0.00000,0.00000,2.417042E-02,1.024009E-02,6.245590E-03,2.498248E-04
