#,,"generated_by='OpenQuake engine 3.7.0-gitd242d4a4a6', start_date='2019-09-11T04:45:17', checksum=210861024, kind='mean', investigation_time=1.0"
lon,lat,PGA-0.002105
-71.90000,-37.10000,3.092613E-02
