#,,,,,,,,,,,,,,,,,,,,,"generated_by='OpenQuake engine 3.8.0-gita3ea87e069', start_date='2019-10-24T08:24:44', checksum=1766140051, kind='mean', investigation_time=50.0, imt='SA(1.0)'"
lon,lat,depth,poe-0.0050000,poe-0.0070000,poe-0.0098000,poe-0.0137000,poe-0.0192000,poe-0.0269000,poe-0.0376000,poe-0.0527000,poe-0.0738000,poe-0.1030000,poe-0.1450000,poe-0.2030000,poe-0.2840000,poe-0.3970000,poe-0.5560000,poe-0.7780000,poe-1.0900000,poe-1.5200000,poe-2.1300000
0.00000,0.00000,0.00000,9.999816E-01,9.999449E-01,9.997661E-01,9.988112E-01,9.939591E-01,9.741965E-01,9.156147E-01,7.903504E-01,6.020736E-01,3.975241E-01,2.227178E-01,1.090031E-01,4.626616E-02,1.689339E-02,5.121271E-03,1.218712E-03,1.828034E-04,2.389915E-06,0.000000E+00
