============= ===== =====
return_period kind  value
30            rlz-0 NaN  
30            rlz-1 NaN  
60            rlz-0 232  
60            rlz-1 207  
120           rlz-0 869  
120           rlz-1 667  
240           rlz-0 1_181
240           rlz-1 1_047
480           rlz-0 1_693
480           rlz-1 1_140
960           rlz-0 2_856
960           rlz-1 4_349
============= ===== =====