#,,,,,"generated_by='OpenQuake engine 3.8.0-git4c93a33098', start_date='2019-11-21T14:28:30', checksum=1631201394, investigation_time=1.0, risk_investigation_time=1.0"
NAME_1,asset_id,taxonomy,lon,lat,structural
"RegionB","a3","tax1",-122.57000,38.11300,4.85046E-01
"Region A","a2","tax1",-122.11400,38.11300,7.81351E+00
"RegionB","a5","tax1",-122.00000,37.91000,8.44404E+00
"RegionB","a4","tax1",-122.00000,38.00000,2.59392E+01
"Region A","a1","tax1",-122.00000,38.11300,3.97051E+01
"RegionB","a6","tax1",-122.00000,38.22500,1.31599E+01
"RegionB","a7","tax1",-121.88600,38.11300,9.49739E+00
