#,,,,,,,,,,,,,,,,,,,,,,,,"generated_by='OpenQuake engine 3.8.0-gitde21b6fbc6', start_date='2019-11-29T09:09:25', checksum=712003062, kind='mean', investigation_time=50.0, imt='SA(0.1)'"
lon,lat,depth,poe-0.0040000,poe-0.0050000,poe-0.0070000,poe-0.0098000,poe-0.0137000,poe-0.0192000,poe-0.0269000,poe-0.0376000,poe-0.0527000,poe-0.0738000,poe-0.1030000,poe-0.1450000,poe-0.2030000,poe-0.2840000,poe-0.3970000,poe-0.5560000,poe-0.7780000,poe-1.0900000,poe-1.5200000,poe-2.1300000,poe-2.8500000,poe-3.4500000
16.26570,39.30020,0.00000,7.789090E-01,7.601908E-01,7.242557E-01,6.780885E-01,6.210439E-01,5.515187E-01,4.701011E-01,3.805814E-01,2.888188E-01,2.048026E-01,1.359323E-01,8.308081E-02,4.778717E-02,2.583740E-02,1.323228E-02,6.454639E-03,3.075533E-03,1.468664E-03,7.237237E-04,3.588235E-04,1.955004E-04,1.298321E-04
