#,,,,,,,,,,,,,,,,,,,,,,,,"generated_by='OpenQuake engine 3.8.0-gitde21b6fbc6', start_date='2019-11-29T09:09:25', checksum=712003062, kind='mean', investigation_time=50.0, imt='SA(0.15)'"
lon,lat,depth,poe-0.0040000,poe-0.0050000,poe-0.0070000,poe-0.0098000,poe-0.0137000,poe-0.0192000,poe-0.0269000,poe-0.0376000,poe-0.0527000,poe-0.0738000,poe-0.1030000,poe-0.1450000,poe-0.2030000,poe-0.2840000,poe-0.3970000,poe-0.5560000,poe-0.7780000,poe-1.0900000,poe-1.5200000,poe-2.1300000,poe-2.8500000,poe-3.4500000
16.26570,39.30020,0.00000,7.779172E-01,7.592754E-01,7.237079E-01,6.782271E-01,6.220478E-01,5.532615E-01,4.720369E-01,3.818719E-01,2.887644E-01,2.033864E-01,1.338345E-01,8.112263E-02,4.644178E-02,2.513923E-02,1.298920E-02,6.445607E-03,3.145306E-03,1.534475E-03,7.654587E-04,3.820783E-04,2.091125E-04,1.394182E-04
