#,,,,,,,,,,,,,,,,,,,,"generated_by='OpenQuake engine 3.8.0-git528b29fef1', start_date='2020-01-14T05:25:14', checksum=2489944921, kind='mean', investigation_time=50.0, imt='PGA'"
lon,lat,depth,poe-0.0137000,poe-0.0192000,poe-0.0269000,poe-0.0376000,poe-0.0527000,poe-0.0738000,poe-0.1030000,poe-0.1450000,poe-0.2030000,poe-0.2840000,poe-0.3970000,poe-0.5560000,poe-0.7780000,poe-1.0900000,poe-1.5200000,poe-2.1300000,poe-2.8500000,poe-3.4500000
16.26570,39.30020,0.00000,4.433507E-01,3.485598E-01,2.554429E-01,1.745604E-01,1.109932E-01,6.639698E-02,3.780835E-02,2.013061E-02,1.029028E-02,5.004634E-03,2.311594E-03,1.017491E-03,4.419776E-04,1.910085E-04,8.196139E-05,3.287082E-05,1.370253E-05,7.251630E-06
