#,,,,,"generated_by='OpenQuake engine 3.7.0-git5e91b20b88', start_date='2019-09-05T06:16:09', checksum=750810642, kind='rlz-001', investigation_time=1.0, imt='PGA'"
lon,lat,depth,poe-0.1000000,poe-0.1200000,poe-0.2000000
0.00000,0.00000,0.00000,6.321205E-01,6.070473E-01,2.567355E-01
