#,,,,"generated_by='OpenQuake engine 3.7.0-git0d5c668e22', start_date='2019-09-16T13:44:12', checksum=2115243534, investigation_time=50.0, risk_investigation_time=50.0"
event_id,structural,rlz_id,rup_id,year
0,2.35503E+02,0,0,39
1,6.61698E+02,0,0,29
2,2.74907E+02,0,0,15
3,5.97396E+02,0,0,43
4,2.39994E+03,0,1,8
5,1.11997E+03,0,2,21
6,2.30390E+02,0,3,39
