#,,,,,,"generated_by='OpenQuake engine 3.8.0-git4bfc3b52c5', start_date='2019-10-28T05:49:47', checksum=3516643643, kind='rlz-021', investigation_time=1.0, imt='PGA'"
lon,lat,depth,poe-0.0100000,poe-0.1000000,poe-0.3000000,poe-1.0000000
-64.91005,0.00000,0.00000,2.660694E-02,1.191962E-02,5.408308E-03,1.666205E-04
