#,,,,,,,"generated_by='OpenQuake engine 3.8.0-gitfade487b3f', start_date='2019-11-11T06:42:18', checksum=3553734699, kind='std', investigation_time=50.0"
lon,lat,0.01~PGA,0.01~SA(0.1),0.1~PGA,0.1~SA(0.1),0.2~PGA,0.2~SA(0.1)
-0.10000,0.00000,2.000000E-01,8.000000E-01,2.000000E-01,7.485093E-01,2.000000E-01,4.405051E-01
0.00000,0.00000,2.000000E-01,8.000000E-01,2.000000E-01,8.000000E-01,2.000000E-01,5.127481E-01
0.10000,0.00000,2.000000E-01,8.000000E-01,2.000000E-01,8.000000E-01,2.000000E-01,4.876375E-01
