#,,,,,,,,,"generated_by='OpenQuake engine 3.8.0-git784eb9b41c', start_date='2019-11-21T05:38:03', checksum=1250935976, investigation_time=30.0, ses_per_logic_tree_path=1"
rup_id,multiplicity,mag,centroid_lon,centroid_lat,centroid_depth,trt,strike,dip,rake
0,1,4.900000E+00,1.244109E+01,5.023590E+01,1.100000E+01,Volcanic,0.000000E+00,9.000000E+01,0.000000E+00
1,1,4.700000E+00,6.068567E+00,5.029523E+01,1.250000E+01,Stable Shallow Crust,0.000000E+00,9.000000E+01,-9.000000E+01
2,1,4.900000E+00,5.376913E+00,5.082437E+01,1.000000E+01,Stable Shallow Crust,0.000000E+00,9.000000E+01,9.000000E+01
3,1,4.800000E+00,1.235000E+01,5.035000E+01,1.000000E+01,Volcanic,0.000000E+00,9.000000E+01,0.000000E+00
