#,,,,"generated_by='OpenQuake engine 3.8.0-git4c93a33098', start_date='2019-11-21T14:28:24', checksum=146747965, investigation_time=1.0, risk_investigation_time=1.0"
asset_id,taxonomy,lon,lat,structural
"a1","tax1",-122.00000,38.11300,2.25000E+01
