#,,,,"generated_by='OpenQuake engine 3.7.0-git0d5c668e22', start_date='2019-09-16T13:44:17', checksum=832580729, investigation_time=1.0, risk_investigation_time=1.0"
event_id,structural,rlz_id,rup_id,year
0,1.88664E+02,0,0,1
1,8.08982E+02,0,1,1
2,2.67559E+02,0,2,1
3,6.24306E+02,0,3,1
4,3.12615E+02,0,4,1
