#,,,,,,,,,,,,,,,,,,,,,"generated_by='OpenQuake engine 3.8.0-gita3ea87e069', start_date='2019-10-24T08:24:44', checksum=1766140051, kind='mean', investigation_time=50.0, imt='SA(2.0)'"
lon,lat,depth,poe-0.0050000,poe-0.0070000,poe-0.0098000,poe-0.0137000,poe-0.0192000,poe-0.0269000,poe-0.0376000,poe-0.0527000,poe-0.0738000,poe-0.1030000,poe-0.1450000,poe-0.2030000,poe-0.2840000,poe-0.3970000,poe-0.5560000,poe-0.7780000,poe-1.0900000,poe-1.5200000,poe-2.1300000
0.00000,0.00000,0.00000,9.984597E-01,9.931895E-01,9.741937E-01,9.219307E-01,8.133872E-01,6.475396E-01,4.570769E-01,2.834355E-01,1.559676E-01,7.678983E-02,3.294260E-02,1.249358E-02,4.039061E-03,1.052009E-03,1.805182E-04,6.045814E-06,0.000000E+00,0.000000E+00,0.000000E+00
