#,"generated_by='OpenQuake engine 3.8.0-git51eef813db', start_date='2019-11-17T07:32:55', checksum=3866945601, smlt_path='b1', gsimlt_path='b1', imt='SA', investigation_time=50.0, lon=10.099999999999994, lat=40.1, poe='0.0200000', iml='5.9402190e-01', rlz=0"
mag,poe
5.50000E+00,8.68780E-03
6.50000E+00,6.69635E-03
7.50000E+00,3.17933E-03
