asset_id,policy,taxonomy,lon,lat,structural~no_damage_mean,structural~no_damage_stdv,structural~LS1_mean,structural~LS1_stdv,structural~LS2_mean,structural~LS2_stdv
"a0","A","RM",81.29850,29.10980,8.641476E-01,1.138196E+00,7.637673E-01,4.378448E-01,1.372085E+00,1.141275E+00
"a1","A","RC",83.08230,27.90060,2.123077E+02,5.665698E+01,2.112327E+02,2.324389E+01,7.645954E+01,3.341309E+01
"a2","B","W",85.74770,27.90150,4.008233E+02,3.585778E+02,3.210663E+02,1.541915E+02,2.781104E+02,2.999737E+02
"a3","B","RM",85.74770,27.90150,2.692011E+00,3.131589E+00,4.039742E+00,2.121312E+00,3.268247E+00,3.233966E+00
